| AsciiStrCatS | arrayInput | 0 |
| AsciiStrCatS | arrayInput | 2 |
| AsciiStrCatS | arrayOutput | 0 |
| AsciiStrCatS | nullTerminator | 2 |
| AsciiStrCatS | unknownSize | 0 |
| AsciiStrCmp | arrayInput | 0 |
| AsciiStrCmp | arrayInput | 1 |
| AsciiStrCmp | nullTerminator | 0 |
| AsciiStrCmp | nullTerminator | 1 |
| AsciiStrCpyS | arrayInput | 2 |
| AsciiStrCpyS | arrayOutput | 0 |
| AsciiStrCpyS | nullTerminator | 2 |
| AsciiStrCpyS | variableSize | buf=0,count=1 |
| AsciiStrDecimalToUint64 | arrayInput | 0 |
| AsciiStrDecimalToUint64 | nullTerminator | 0 |
| AsciiStrDecimalToUint64S | arrayInput | 0 |
| AsciiStrDecimalToUint64S | nullTerminator | 0 |
| AsciiStrDecimalToUintn | arrayInput | 0 |
| AsciiStrDecimalToUintn | nullTerminator | 0 |
| AsciiStrDecimalToUintnS | arrayInput | 0 |
| AsciiStrDecimalToUintnS | nullTerminator | 0 |
| AsciiStrHexToBytes | arrayInput | 0 |
| AsciiStrHexToBytes | arrayOutput | 2 |
| AsciiStrHexToBytes | variableSize | buf=0,count=1 |
| AsciiStrHexToBytes | variableSize | buf=2,count=3 |
| AsciiStrHexToUint64 | arrayInput | 0 |
| AsciiStrHexToUint64 | nullTerminator | 0 |
| AsciiStrHexToUint64S | arrayInput | 0 |
| AsciiStrHexToUint64S | nullTerminator | 0 |
| AsciiStrHexToUintn | arrayInput | 0 |
| AsciiStrHexToUintn | nullTerminator | 0 |
| AsciiStrHexToUintnS | arrayInput | 0 |
| AsciiStrHexToUintnS | nullTerminator | 0 |
| AsciiStrLen | arrayInput | 0 |
| AsciiStrLen | nullTerminator | 0 |
| AsciiStrSize | arrayInput | 0 |
| AsciiStrSize | nullTerminator | 0 |
| AsciiStrStr | arrayInput | 0 |
| AsciiStrStr | arrayInput | 1 |
| AsciiStrStr | nullTerminator | 0 |
| AsciiStrStr | nullTerminator | 1 |
| AsciiStrToGuid | arrayInput | 0 |
| AsciiStrToGuid | nullTerminator | 0 |
| AsciiStrToIpv4Address | arrayInput | 0 |
| AsciiStrToIpv4Address | nullTerminator | 0 |
| AsciiStrToIpv6Address | arrayInput | 0 |
| AsciiStrToIpv6Address | nullTerminator | 0 |
| AsciiStrToUnicodeStrS | arrayInput | 0 |
| AsciiStrToUnicodeStrS | arrayOutput | 1 |
| AsciiStrToUnicodeStrS | nullTerminator | 0 |
| AsciiStrToUnicodeStrS | variableSize | buf=1,count=2 |
| AsciiStriCmp | arrayInput | 0 |
| AsciiStriCmp | arrayInput | 1 |
| AsciiStriCmp | nullTerminator | 0 |
| AsciiStriCmp | nullTerminator | 1 |
| AsciiStrnCatS | arrayInput | 0 |
| AsciiStrnCatS | arrayInput | 2 |
| AsciiStrnCatS | arrayOutput | 0 |
| AsciiStrnCatS | nullTerminator | 2 |
| AsciiStrnCatS | unknownSize | 0 |
| AsciiStrnCmp | arrayInput | 0 |
| AsciiStrnCmp | arrayInput | 1 |
| AsciiStrnCmp | nullTerminator | 0 |
| AsciiStrnCmp | nullTerminator | 1 |
| AsciiStrnCpyS | arrayInput | 2 |
| AsciiStrnCpyS | arrayOutput | 0 |
| AsciiStrnCpyS | nullTerminator | 2 |
| AsciiStrnCpyS | variableSize | buf=0,count=1 |
| AsciiStrnLenS | arrayInput | 0 |
| AsciiStrnLenS | nullTerminator | 0 |
| AsciiStrnSizeS | arrayInput | 0 |
| AsciiStrnSizeS | nullTerminator | 0 |
| AsciiStrnToUnicodeStrS | arrayInput | 0 |
| AsciiStrnToUnicodeStrS | arrayOutput | 2 |
| AsciiStrnToUnicodeStrS | nullTerminator | 0 |
| AsciiStrnToUnicodeStrS | variableSize | buf=2,count=3 |
| Base64Decode | arrayInput | 0 |
| Base64Decode | arrayOutput | 2 |
| Base64Decode | variableSize | buf=0,count=1 |
| Base64Encode | arrayInput | 0 |
| Base64Encode | arrayOutput | 2 |
| Base64Encode | variableSize | buf=0,count=1 |
| StrCatS | arrayInput | 0 |
| StrCatS | arrayInput | 2 |
| StrCatS | arrayOutput | 0 |
| StrCatS | nullTerminator | 2 |
| StrCatS | unknownSize | 0 |
| StrCmp | arrayInput | 0 |
| StrCmp | arrayInput | 1 |
| StrCmp | nullTerminator | 0 |
| StrCmp | nullTerminator | 1 |
| StrCpyS | arrayInput | 2 |
| StrCpyS | arrayOutput | 0 |
| StrCpyS | nullTerminator | 2 |
| StrCpyS | variableSize | buf=0,count=1 |
| StrDecimalToUint64 | arrayInput | 0 |
| StrDecimalToUint64 | nullTerminator | 0 |
| StrDecimalToUint64S | arrayInput | 0 |
| StrDecimalToUint64S | nullTerminator | 0 |
| StrDecimalToUintn | arrayInput | 0 |
| StrDecimalToUintn | nullTerminator | 0 |
| StrDecimalToUintnS | arrayInput | 0 |
| StrDecimalToUintnS | nullTerminator | 0 |
| StrHexToBytes | arrayInput | 0 |
| StrHexToBytes | arrayOutput | 2 |
| StrHexToBytes | variableSize | buf=0,count=1 |
| StrHexToBytes | variableSize | buf=2,count=3 |
| StrHexToUint64 | arrayInput | 0 |
| StrHexToUint64 | nullTerminator | 0 |
| StrHexToUint64S | arrayInput | 0 |
| StrHexToUint64S | nullTerminator | 0 |
| StrHexToUintn | arrayInput | 0 |
| StrHexToUintn | nullTerminator | 0 |
| StrHexToUintnS | arrayInput | 0 |
| StrHexToUintnS | nullTerminator | 0 |
| StrLen | arrayInput | 0 |
| StrLen | nullTerminator | 0 |
| StrSize | arrayInput | 0 |
| StrSize | nullTerminator | 0 |
| StrStr | arrayInput | 0 |
| StrStr | arrayInput | 1 |
| StrStr | nullTerminator | 0 |
| StrStr | nullTerminator | 1 |
| StrToGuid | arrayInput | 0 |
| StrToGuid | nullTerminator | 0 |
| StrToIpv4Address | arrayInput | 0 |
| StrToIpv4Address | nullTerminator | 0 |
| StrToIpv6Address | arrayInput | 0 |
| StrToIpv6Address | nullTerminator | 0 |
| StrnCatS | arrayInput | 0 |
| StrnCatS | arrayInput | 2 |
| StrnCatS | arrayOutput | 0 |
| StrnCatS | nullTerminator | 2 |
| StrnCatS | unknownSize | 0 |
| StrnCmp | arrayInput | 0 |
| StrnCmp | arrayInput | 1 |
| StrnCmp | nullTerminator | 0 |
| StrnCmp | nullTerminator | 1 |
| StrnCpyS | arrayInput | 2 |
| StrnCpyS | arrayOutput | 0 |
| StrnCpyS | nullTerminator | 2 |
| StrnCpyS | variableSize | buf=0,count=1 |
| StrnLenS | arrayInput | 0 |
| StrnLenS | nullTerminator | 0 |
| StrnSizeS | arrayInput | 0 |
| StrnSizeS | nullTerminator | 0 |
| UnicodeStrToAsciiStrS | arrayInput | 0 |
| UnicodeStrToAsciiStrS | arrayOutput | 1 |
| UnicodeStrToAsciiStrS | nullTerminator | 0 |
| UnicodeStrToAsciiStrS | variableSize | buf=1,count=2 |
| UnicodeStrnToAsciiStrS | arrayInput | 0 |
| UnicodeStrnToAsciiStrS | arrayOutput | 2 |
| UnicodeStrnToAsciiStrS | nullTerminator | 0 |
| UnicodeStrnToAsciiStrS | variableSize | buf=2,count=3 |
